[1m[92m   Compiling[0m awe-boot-protocol v0.1.0 (/home/runner/work/AWE_OS/AWE_OS/boot/protocol)
[1m[92m   Compiling[0m awe-driverd v0.1.0 (/home/runner/work/AWE_OS/AWE_OS/services/driverd)
[1m[33mwarning[0m[1m: the `#![no_std]` attribute can only be used at the crate root[0m
 [1m[94m--> [0mservices/driverd/src/acpi.rs:1:1
  [1m[94m|[0m
[1m[94m1[0m [1m[94m|[0m #![no_std]
  [1m[94m|[0m [1m[33m^^^^^^^^^^[0m
  [1m[94m|[0m
  [1m[94m= [0m[1mnote[0m: `#[warn(unused_attributes)]` (part of `#[warn(unused)]`) on by default

[1m[33mwarning[0m[1m: the `#![no_std]` attribute can only be used at the crate root[0m
 [1m[94m--> [0mservices/driverd/src/acpi_root.rs:1:1
  [1m[94m|[0m
[1m[94m1[0m [1m[94m|[0m #![no_std]
  [1m[94m|[0m [1m[33m^^^^^^^^^^[0m

[1m[33mwarning[0m[1m: the `#![no_std]` attribute can only be used at the crate root[0m
 [1m[94m--> [0mservices/driverd/src/apic.rs:1:1
  [1m[94m|[0m
[1m[94m1[0m [1m[94m|[0m #![no_std]
  [1m[94m|[0m [1m[33m^^^^^^^^^^[0m

[1m[33mwarning[0m[1m: the `#![no_std]` attribute can only be used at the crate root[0m
 [1m[94m--> [0mservices/driverd/src/contract.rs:1:1
  [1m[94m|[0m
[1m[94m1[0m [1m[94m|[0m #![no_std]
  [1m[94m|[0m [1m[33m^^^^^^^^^^[0m

[1m[33mwarning[0m[1m: the `#![no_std]` attribute can only be used at the crate root[0m
 [1m[94m--> [0mservices/driverd/src/pci.rs:1:1
  [1m[94m|[0m
[1m[94m1[0m [1m[94m|[0m #![no_std]
  [1m[94m|[0m [1m[33m^^^^^^^^^^[0m

[1m[33mwarning[0m[1m: the `#![no_std]` attribute can only be used at the crate root[0m
 [1m[94m--> [0mservices/driverd/src/reference.rs:1:1
  [1m[94m|[0m
[1m[94m1[0m [1m[94m|[0m #![no_std]
  [1m[94m|[0m [1m[33m^^^^^^^^^^[0m

[1m[33mwarning[0m[1m: the `#![no_std]` attribute can only be used at the crate root[0m
 [1m[94m--> [0mservices/driverd/src/virtio.rs:1:1
  [1m[94m|[0m
[1m[94m1[0m [1m[94m|[0m #![no_std]
  [1m[94m|[0m [1m[33m^^^^^^^^^^[0m

[1m[92m   Compiling[0m aweos-kernel v0.2.1 (/home/runner/work/AWE_OS/AWE_OS/kernel)
[1m[33mwarning[0m[1m: avoid using `.intel_syntax`, Intel syntax is the default[0m
 [1m[94m--> [0mkernel/src/arch/x86_64/isr_stubs.rs:6:8
  [1m[94m|[0m
[1m[94m6[0m [1m[94m|[0m     r#".intel_syntax noprefix
  [1m[94m|[0m        [1m[33m^^^^^^^^^^^^^^^^^^^^^^[0m
  [1m[94m|[0m
  [1m[94m= [0m[1mnote[0m: `#[warn(bad_asm_style)]` on by default

[1m[33mwarning[0m[1m: avoid using `.att_syntax`, prefer using `options(att_syntax)` instead[0m
  [1m[94m--> [0mkernel/src/arch/x86_64/isr_stubs.rs:34:1
   [1m[94m|[0m
[1m[94m34[0m [1m[94m|[0m .att_syntax prefix
   [1m[94m|[0m [1m[33m^^^^^^^^^^^^^^^^^^[0m

[1m[33mwarning[0m[1m: avoid using `.intel_syntax`, Intel syntax is the default[0m
 [1m[94m--> [0mkernel/src/process/x86_64_backend.rs:6:25
  [1m[94m|[0m
[1m[94m6[0m [1m[94m|[0m core::arch::global_asm!(include_str!("x86_64_switch.S"));
  [1m[94m|[0m                         [1m[33m^^^^^^^^^^^^^^^^^^^^^^^^^^^^^^^[0m

[1m[33mwarning[0m[1m: avoid using `.att_syntax`, prefer using `options(att_syntax)` instead[0m
 [1m[94m--> [0mkernel/src/process/x86_64_backend.rs:6:25
  [1m[94m|[0m
[1m[94m6[0m [1m[94m|[0m core::arch::global_asm!(include_str!("x86_64_switch.S"));
  [1m[94m|[0m                         [1m[33m^^^^^^^^^^^^^^^^^^^^^^^^^^^^^^^[0m

[1m[33mwarning[0m[1m: the `#![no_std]` attribute can only be used at the crate root[0m
 [1m[94m--> [0mkernel/src/arch/mod.rs:1:1
  [1m[94m|[0m
[1m[94m1[0m [1m[94m|[0m #![no_std]
  [1m[94m|[0m [1m[33m^^^^^^^^^^[0m
  [1m[94m|[0m
  [1m[94m= [0m[1mnote[0m: `#[warn(unused_attributes)]` (part of `#[warn(unused)]`) on by default

[1m[33mwarning[0m[1m: the `#![no_std]` attribute can only be used at the crate root[0m
 [1m[94m--> [0mkernel/src/arch/x86_64/mod.rs:1:1
  [1m[94m|[0m
[1m[94m1[0m [1m[94m|[0m #![no_std]
  [1m[94m|[0m [1m[33m^^^^^^^^^^[0m

[1m[33mwarning[0m[1m: the `#![no_std]` attribute can only be used at the crate root[0m
 [1m[94m--> [0mkernel/src/arch/x86_64/boot.rs:1:1
  [1m[94m|[0m
[1m[94m1[0m [1m[94m|[0m #![no_std]
  [1m[94m|[0m [1m[33m^^^^^^^^^^[0m

[1m[33mwarning[0m[1m: the `#![no_std]` attribute can only be used at the crate root[0m
 [1m[94m--> [0mkernel/src/arch/x86_64/entry.rs:1:1
  [1m[94m|[0m
[1m[94m1[0m [1m[94m|[0m #![no_std]
  [1m[94m|[0m [1m[33m^^^^^^^^^^[0m

[1m[33mwarning[0m[1m: the `#![no_std]` attribute can only be used at the crate root[0m
 [1m[94m--> [0mkernel/src/arch/x86_64/idt.rs:1:1
  [1m[94m|[0m
[1m[94m1[0m [1m[94m|[0m #![no_std]
  [1m[94m|[0m [1m[33m^^^^^^^^^^[0m

[1m[33mwarning[0m[1m: the `#![no_std]` attribute can only be used at the crate root[0m
 [1m[94m--> [0mkernel/src/arch/x86_64/interrupts.rs:1:1
  [1m[94m|[0m
[1m[94m1[0m [1m[94m|[0m #![no_std]
  [1m[94m|[0m [1m[33m^^^^^^^^^^[0m

[1m[33mwarning[0m[1m: the `#![no_std]` attribute can only be used at the crate root[0m
 [1m[94m--> [0mkernel/src/arch/x86_64/isr.rs:1:1
  [1m[94m|[0m
[1m[94m1[0m [1m[94m|[0m #![no_std]
  [1m[94m|[0m [1m[33m^^^^^^^^^^[0m

[1m[33mwarning[0m[1m: the `#![no_std]` attribute can only be used at the crate root[0m
 [1m[94m--> [0mkernel/src/arch/x86_64/isr_stubs.rs:1:1
  [1m[94m|[0m
[1m[94m1[0m [1m[94m|[0m #![no_std]
  [1m[94m|[0m [1m[33m^^^^^^^^^^[0m

[1m[33mwarning[0m[1m: the `#![no_std]` attribute can only be used at the crate root[0m
 [1m[94m--> [0mkernel/src/arch/x86_64/timer.rs:1:1
  [1m[94m|[0m
[1m[94m1[0m [1m[94m|[0m #![no_std]
  [1m[94m|[0m [1m[33m^^^^^^^^^^[0m

[1m[33mwarning[0m[1m: the `#![no_std]` attribute can only be used at the crate root[0m
 [1m[94m--> [0mkernel/src/boot_phase.rs:1:1
  [1m[94m|[0m
[1m[94m1[0m [1m[94m|[0m #![no_std]
  [1m[94m|[0m [1m[33m^^^^^^^^^^[0m

[1m[33mwarning[0m[1m: the `#![no_std]` attribute can only be used at the crate root[0m
 [1m[94m--> [0mkernel/src/boot_state.rs:1:1
  [1m[94m|[0m
[1m[94m1[0m [1m[94m|[0m #![no_std]
  [1m[94m|[0m [1m[33m^^^^^^^^^^[0m

[1m[33mwarning[0m[1m: the `#![no_std]` attribute can only be used at the crate root[0m
 [1m[94m--> [0mkernel/src/device/mod.rs:1:1
  [1m[94m|[0m
[1m[94m1[0m [1m[94m|[0m #![no_std]
  [1m[94m|[0m [1m[33m^^^^^^^^^^[0m

[1m[33mwarning[0m[1m: the `#![no_std]` attribute can only be used at the crate root[0m
 [1m[94m--> [0mkernel/src/device/access.rs:1:1
  [1m[94m|[0m
[1m[94m1[0m [1m[94m|[0m #![no_std]
  [1m[94m|[0m [1m[33m^^^^^^^^^^[0m

[1m[33mwarning[0m[1m: the `#![no_std]` attribute can only be used at the crate root[0m
 [1m[94m--> [0mkernel/src/device/binding.rs:1:1
  [1m[94m|[0m
[1m[94m1[0m [1m[94m|[0m #![no_std]
  [1m[94m|[0m [1m[33m^^^^^^^^^^[0m

[1m[33mwarning[0m[1m: the `#![no_std]` attribute can only be used at the crate root[0m
 [1m[94m--> [0mkernel/src/entry.rs:1:1
  [1m[94m|[0m
[1m[94m1[0m [1m[94m|[0m #![no_std]
  [1m[94m|[0m [1m[33m^^^^^^^^^^[0m

[1m[33mwarning[0m[1m: the `#![no_std]` attribute can only be used at the crate root[0m
 [1m[94m--> [0mkernel/src/interrupts.rs:1:1
  [1m[94m|[0m
[1m[94m1[0m [1m[94m|[0m #![no_std]
  [1m[94m|[0m [1m[33m^^^^^^^^^^[0m

[1m[33mwarning[0m[1m: the `#![no_std]` attribute can only be used at the crate root[0m
 [1m[94m--> [0mkernel/src/ipc/mod.rs:1:1
  [1m[94m|[0m
[1m[94m1[0m [1m[94m|[0m #![no_std]
  [1m[94m|[0m [1m[33m^^^^^^^^^^[0m

[1m[33mwarning[0m[1m: the `#![no_std]` attribute can only be used at the crate root[0m
 [1m[94m--> [0mkernel/src/ipc/transport.rs:1:1
  [1m[94m|[0m
[1m[94m1[0m [1m[94m|[0m #![no_std]
  [1m[94m|[0m [1m[33m^^^^^^^^^^[0m

[1m[33mwarning[0m[1m: the `#![no_std]` attribute can only be used at the crate root[0m
 [1m[94m--> [0mkernel/src/logging/mod.rs:1:1
  [1m[94m|[0m
[1m[94m1[0m [1m[94m|[0m #![no_std]
  [1m[94m|[0m [1m[33m^^^^^^^^^^[0m

[1m[33mwarning[0m[1m: the `#![no_std]` attribute can only be used at the crate root[0m
 [1m[94m--> [0mkernel/src/memory/mod.rs:1:1
  [1m[94m|[0m
[1m[94m1[0m [1m[94m|[0m #![no_std]
  [1m[94m|[0m [1m[33m^^^^^^^^^^[0m

[1m[33mwarning[0m[1m: the `#![no_std]` attribute can only be used at the crate root[0m
 [1m[94m--> [0mkernel/src/memory/address.rs:1:1
  [1m[94m|[0m
[1m[94m1[0m [1m[94m|[0m #![no_std]
  [1m[94m|[0m [1m[33m^^^^^^^^^^[0m

[1m[33mwarning[0m[1m: the `#![no_std]` attribute can only be used at the crate root[0m
 [1m[94m--> [0mkernel/src/memory/allocator.rs:1:1
  [1m[94m|[0m
[1m[94m1[0m [1m[94m|[0m #![no_std]
  [1m[94m|[0m [1m[33m^^^^^^^^^^[0m

[1m[33mwarning[0m[1m: the `#![no_std]` attribute can only be used at the crate root[0m
 [1m[94m--> [0mkernel/src/memory/boot_mapper.rs:1:1
  [1m[94m|[0m
[1m[94m1[0m [1m[94m|[0m #![no_std]
  [1m[94m|[0m [1m[33m^^^^^^^^^^[0m

[1m[33mwarning[0m[1m: the `#![no_std]` attribute can only be used at the crate root[0m
 [1m[94m--> [0mkernel/src/memory/frame.rs:1:1
  [1m[94m|[0m
[1m[94m1[0m [1m[94m|[0m #![no_std]
  [1m[94m|[0m [1m[33m^^^^^^^^^^[0m

[1m[33mwarning[0m[1m: the `#![no_std]` attribute can only be used at the crate root[0m
 [1m[94m--> [0mkernel/src/memory/mapper.rs:1:1
  [1m[94m|[0m
[1m[94m1[0m [1m[94m|[0m #![no_std]
  [1m[94m|[0m [1m[33m^^^^^^^^^^[0m

[1m[33mwarning[0m[1m: the `#![no_std]` attribute can only be used at the crate root[0m
 [1m[94m--> [0mkernel/src/memory/paging.rs:1:1
  [1m[94m|[0m
[1m[94m1[0m [1m[94m|[0m #![no_std]
  [1m[94m|[0m [1m[33m^^^^^^^^^^[0m

[1m[33mwarning[0m[1m: the `#![no_std]` attribute can only be used at the crate root[0m
 [1m[94m--> [0mkernel/src/memory/physical.rs:1:1
  [1m[94m|[0m
[1m[94m1[0m [1m[94m|[0m #![no_std]
  [1m[94m|[0m [1m[33m^^^^^^^^^^[0m

[1m[33mwarning[0m[1m: the `#![no_std]` attribute can only be used at the crate root[0m
 [1m[94m--> [0mkernel/src/memory/region.rs:1:1
  [1m[94m|[0m
[1m[94m1[0m [1m[94m|[0m #![no_std]
  [1m[94m|[0m [1m[33m^^^^^^^^^^[0m

[1m[33mwarning[0m[1m: the `#![no_std]` attribute can only be used at the crate root[0m
 [1m[94m--> [0mkernel/src/memory/x86_64.rs:1:1
  [1m[94m|[0m
[1m[94m1[0m [1m[94m|[0m #![no_std]
  [1m[94m|[0m [1m[33m^^^^^^^^^^[0m

[1m[33mwarning[0m[1m: the `#![no_std]` attribute can only be used at the crate root[0m
 [1m[94m--> [0mkernel/src/platform.rs:1:1
  [1m[94m|[0m
[1m[94m1[0m [1m[94m|[0m #![no_std]
  [1m[94m|[0m [1m[33m^^^^^^^^^^[0m

[1m[33mwarning[0m[1m: the `#![no_std]` attribute can only be used at the crate root[0m
 [1m[94m--> [0mkernel/src/platform/pit.rs:1:1
  [1m[94m|[0m
[1m[94m1[0m [1m[94m|[0m #![no_std]
  [1m[94m|[0m [1m[33m^^^^^^^^^^[0m

[1m[33mwarning[0m[1m: the `#![no_std]` attribute can only be used at the crate root[0m
 [1m[94m--> [0mkernel/src/process/mod.rs:1:1
  [1m[94m|[0m
[1m[94m1[0m [1m[94m|[0m #![no_std]
  [1m[94m|[0m [1m[33m^^^^^^^^^^[0m

[1m[33mwarning[0m[1m: the `#![no_std]` attribute can only be used at the crate root[0m
 [1m[94m--> [0mkernel/src/process/context.rs:1:1
  [1m[94m|[0m
[1m[94m1[0m [1m[94m|[0m #![no_std]
  [1m[94m|[0m [1m[33m^^^^^^^^^^[0m

[1m[33mwarning[0m[1m: the `#![no_std]` attribute can only be used at the crate root[0m
 [1m[94m--> [0mkernel/src/process/context_switch.rs:1:1
  [1m[94m|[0m
[1m[94m1[0m [1m[94m|[0m #![no_std]
  [1m[94m|[0m [1m[33m^^^^^^^^^^[0m

[1m[33mwarning[0m[1m: the `#![no_std]` attribute can only be used at the crate root[0m
 [1m[94m--> [0mkernel/src/process/context_switch_abi.rs:1:1
  [1m[94m|[0m
[1m[94m1[0m [1m[94m|[0m #![no_std]
  [1m[94m|[0m [1m[33m^^^^^^^^^^[0m

[1m[33mwarning[0m[1m: the `#![no_std]` attribute can only be used at the crate root[0m
 [1m[94m--> [0mkernel/src/process/dispatch.rs:1:1
  [1m[94m|[0m
[1m[94m1[0m [1m[94m|[0m #![no_std]
  [1m[94m|[0m [1m[33m^^^^^^^^^^[0m

[1m[33mwarning[0m[1m: the `#![no_std]` attribute can only be used at the crate root[0m
 [1m[94m--> [0mkernel/src/process/dispatch_runtime.rs:1:1
  [1m[94m|[0m
[1m[94m1[0m [1m[94m|[0m #![no_std]
  [1m[94m|[0m [1m[33m^^^^^^^^^^[0m

[1m[33mwarning[0m[1m: the `#![no_std]` attribute can only be used at the crate root[0m
 [1m[94m--> [0mkernel/src/process/scheduler.rs:1:1
  [1m[94m|[0m
[1m[94m1[0m [1m[94m|[0m #![no_std]
  [1m[94m|[0m [1m[33m^^^^^^^^^^[0m

[1m[33mwarning[0m[1m: the `#![no_std]` attribute can only be used at the crate root[0m
 [1m[94m--> [0mkernel/src/process/x86_64_backend.rs:1:1
  [1m[94m|[0m
[1m[94m1[0m [1m[94m|[0m #![no_std]
  [1m[94m|[0m [1m[33m^^^^^^^^^^[0m

[1m[33mwarning[0m[1m: the `#![no_std]` attribute can only be used at the crate root[0m
 [1m[94m--> [0mkernel/src/scheduler/mod.rs:1:1
  [1m[94m|[0m
[1m[94m1[0m [1m[94m|[0m #![no_std]
  [1m[94m|[0m [1m[33m^^^^^^^^^^[0m

[1m[33mwarning[0m[1m: the `#![no_std]` attribute can only be used at the crate root[0m
 [1m[94m--> [0mkernel/src/scheduler/clock.rs:1:1
  [1m[94m|[0m
[1m[94m1[0m [1m[94m|[0m #![no_std]
  [1m[94m|[0m [1m[33m^^^^^^^^^^[0m

[1m[33mwarning[0m[1m: the `#![no_std]` attribute can only be used at the crate root[0m
 [1m[94m--> [0mkernel/src/scheduler/dispatch.rs:1:1
  [1m[94m|[0m
[1m[94m1[0m [1m[94m|[0m #![no_std]
  [1m[94m|[0m [1m[33m^^^^^^^^^^[0m

[1m[33mwarning[0m[1m: the `#![no_std]` attribute can only be used at the crate root[0m
 [1m[94m--> [0mkernel/src/scheduler/priority.rs:1:1
  [1m[94m|[0m
[1m[94m1[0m [1m[94m|[0m #![no_std]
  [1m[94m|[0m [1m[33m^^^^^^^^^^[0m

[1m[33mwarning[0m[1m: the `#![no_std]` attribute can only be used at the crate root[0m
 [1m[94m--> [0mkernel/src/security/mod.rs:1:1
  [1m[94m|[0m
[1m[94m1[0m [1m[94m|[0m #![no_std]
  [1m[94m|[0m [1m[33m^^^^^^^^^^[0m

[1m[33mwarning[0m[1m: the `#![no_std]` attribute can only be used at the crate root[0m
 [1m[94m--> [0mkernel/src/security/capability.rs:1:1
  [1m[94m|[0m
[1m[94m1[0m [1m[94m|[0m #![no_std]
  [1m[94m|[0m [1m[33m^^^^^^^^^^[0m

[1m[33mwarning[0m[1m: the `#![no_std]` attribute can only be used at the crate root[0m
 [1m[94m--> [0mkernel/src/security/intent.rs:1:1
  [1m[94m|[0m
[1m[94m1[0m [1m[94m|[0m #![no_std]
  [1m[94m|[0m [1m[33m^^^^^^^^^^[0m

[1m[33mwarning[0m[1m: the `#![no_std]` attribute can only be used at the crate root[0m
 [1m[94m--> [0mkernel/src/security/policy.rs:1:1
  [1m[94m|[0m
[1m[94m1[0m [1m[94m|[0m #![no_std]
  [1m[94m|[0m [1m[33m^^^^^^^^^^[0m

[1m[33mwarning[0m[1m: the `#![no_std]` attribute can only be used at the crate root[0m
 [1m[94m--> [0mkernel/src/security/provenance.rs:1:1
  [1m[94m|[0m
[1m[94m1[0m [1m[94m|[0m #![no_std]
  [1m[94m|[0m [1m[33m^^^^^^^^^^[0m

[1m[33mwarning[0m[1m: the `#![no_std]` attribute can only be used at the crate root[0m
 [1m[94m--> [0mkernel/src/security/rate_limit.rs:1:1
  [1m[94m|[0m
[1m[94m1[0m [1m[94m|[0m #![no_std]
  [1m[94m|[0m [1m[33m^^^^^^^^^^[0m

[1m[33mwarning[0m[1m: the `#![no_std]` attribute can only be used at the crate root[0m
 [1m[94m--> [0mkernel/src/service.rs:1:1
  [1m[94m|[0m
[1m[94m1[0m [1m[94m|[0m #![no_std]
  [1m[94m|[0m [1m[33m^^^^^^^^^^[0m

[1m[33mwarning[0m[1m: the `#![no_std]` attribute can only be used at the crate root[0m
 [1m[94m--> [0mkernel/src/service_registry.rs:1:1
  [1m[94m|[0m
[1m[94m1[0m [1m[94m|[0m #![no_std]
  [1m[94m|[0m [1m[33m^^^^^^^^^^[0m

[1m[33mwarning[0m[1m: the `#![no_std]` attribute can only be used at the crate root[0m
 [1m[94m--> [0mkernel/src/syscall/mod.rs:1:1
  [1m[94m|[0m
[1m[94m1[0m [1m[94m|[0m #![no_std]
  [1m[94m|[0m [1m[33m^^^^^^^^^^[0m

[1m[33mwarning[0m[1m: the `#![no_std]` attribute can only be used at the crate root[0m
 [1m[94m--> [0mkernel/src/syscall/abi.rs:1:1
  [1m[94m|[0m
[1m[94m1[0m [1m[94m|[0m #![no_std]
  [1m[94m|[0m [1m[33m^^^^^^^^^^[0m

[1m[33mwarning[0m[1m: the `#![no_std]` attribute can only be used at the crate root[0m
 [1m[94m--> [0mkernel/src/syscall/dispatch.rs:1:1
  [1m[94m|[0m
[1m[94m1[0m [1m[94m|[0m #![no_std]
  [1m[94m|[0m [1m[33m^^^^^^^^^^[0m

[1m[33mwarning[0m[1m: the `#![no_std]` attribute can only be used at the crate root[0m
 [1m[94m--> [0mkernel/src/system_contract.rs:1:1
  [1m[94m|[0m
[1m[94m1[0m [1m[94m|[0m #![no_std]
  [1m[94m|[0m [1m[33m^^^^^^^^^^[0m

[1m[33mwarning[0m[1m: the `#![no_std]` attribute can only be used at the crate root[0m
 [1m[94m--> [0mkernel/src/time/mod.rs:1:1
  [1m[94m|[0m
[1m[94m1[0m [1m[94m|[0m #![no_std]
  [1m[94m|[0m [1m[33m^^^^^^^^^^[0m

[1m[33mwarning[0m: `awe-driverd` (lib) generated 7 warnings
[1m[92m   Compiling[0m aweloader v0.1.0 (/home/runner/work/AWE_OS/AWE_OS/boot/aweloader)
[1m[33mwarning[E0133][0m[1m: use of inline assembly is unsafe and requires unsafe block[0m
  [1m[94m--> [0mkernel/src/arch/x86_64/boot.rs:11:5
   [1m[94m|[0m
[1m[94m11[0m [1m[94m|[0m     core::arch::asm!("lgdt [{}]", in(reg) descriptor, options(readonly, nostack, preserves_flags));
   [1m[94m|[0m     [1m[33m^^^^^^^^^^^^^^^^^^^^^^^^^^^^^^^^^^^^^^^^^^^^^^^^^^^^^^^^^^^^^^^^^^^^^^^^^^^^^^^^^^^^^^^^^^^^^^[0m [1m[33muse of inline assembly[0m
   [1m[94m|[0m
   [1m[94m= [0m[1mnote[0m: inline assembly is entirely unchecked and can cause undefined behavior
[1m[92mnote[0m: an unsafe function restricts its caller, but its body is safe by default
  [1m[94m--> [0mkernel/src/arch/x86_64/boot.rs:10:1
   [1m[94m|[0m
[1m[94m10[0m [1m[94m|[0m pub unsafe fn load_gdt(descriptor: &GdtDescriptor) {
   [1m[94m|[0m [1m[92m^^^^^^^^^^^^^^^^^^^^^^^^^^^^^^^^^^^^^^^^^^^^^^^^^^[0m
   [1m[94m= [0m[1mnote[0m: for more information, see <https://doc.rust-lang.org/edition-guide/rust-2024/unsafe-op-in-unsafe-fn.html>
   [1m[94m= [0m[1mnote[0m: `#[warn(unsafe_op_in_unsafe_fn)]` (part of `#[warn(rust_2024_compatibility)]`) on by default

[1m[33mwarning[E0133][0m[1m: use of inline assembly is unsafe and requires unsafe block[0m
  [1m[94m--> [0mkernel/src/arch/x86_64/boot.rs:16:5
   [1m[94m|[0m
[1m[94m16[0m [1m[94m|[0m     core::arch::asm!("cli", options(nomem, nostack, preserves_flags));
   [1m[94m|[0m     [1m[33m^^^^^^^^^^^^^^^^^^^^^^^^^^^^^^^^^^^^^^^^^^^^^^^^^^^^^^^^^^^^^^^^^[0m [1m[33muse of inline assembly[0m
   [1m[94m|[0m
   [1m[94m= [0m[1mnote[0m: inline assembly is entirely unchecked and can cause undefined behavior
[1m[92mnote[0m: an unsafe function restricts its caller, but its body is safe by default
  [1m[94m--> [0mkernel/src/arch/x86_64/boot.rs:15:1
   [1m[94m|[0m
[1m[94m15[0m [1m[94m|[0m pub unsafe fn disable_interrupts() {
   [1m[94m|[0m [1m[92m^^^^^^^^^^^^^^^^^^^^^^^^^^^^^^^^^^[0m
   [1m[94m= [0m[1mnote[0m: for more information, see <https://doc.rust-lang.org/edition-guide/rust-2024/unsafe-op-in-unsafe-fn.html>

[1m[33mwarning[E0133][0m[1m: use of inline assembly is unsafe and requires unsafe block[0m
  [1m[94m--> [0mkernel/src/arch/x86_64/boot.rs:21:5
   [1m[94m|[0m
[1m[94m21[0m [1m[94m|[0m     core::arch::asm!("sti", options(nomem, nostack, preserves_flags));
   [1m[94m|[0m     [1m[33m^^^^^^^^^^^^^^^^^^^^^^^^^^^^^^^^^^^^^^^^^^^^^^^^^^^^^^^^^^^^^^^^^[0m [1m[33muse of inline assembly[0m
   [1m[94m|[0m
   [1m[94m= [0m[1mnote[0m: inline assembly is entirely unchecked and can cause undefined behavior
[1m[92mnote[0m: an unsafe function restricts its caller, but its body is safe by default
  [1m[94m--> [0mkernel/src/arch/x86_64/boot.rs:20:1
   [1m[94m|[0m
[1m[94m20[0m [1m[94m|[0m pub unsafe fn enable_interrupts() {
   [1m[94m|[0m [1m[92m^^^^^^^^^^^^^^^^^^^^^^^^^^^^^^^^^[0m
   [1m[94m= [0m[1mnote[0m: for more information, see <https://doc.rust-lang.org/edition-guide/rust-2024/unsafe-op-in-unsafe-fn.html>

[1m[33mwarning[E0133][0m[1m: use of inline assembly is unsafe and requires unsafe block[0m
  [1m[94m--> [0mkernel/src/arch/x86_64/boot.rs:27:9
   [1m[94m|[0m
[1m[94m27[0m [1m[94m|[0m         core::arch::asm!("hlt", options(nomem, nostack, preserves_flags));
   [1m[94m|[0m         [1m[33m^^^^^^^^^^^^^^^^^^^^^^^^^^^^^^^^^^^^^^^^^^^^^^^^^^^^^^^^^^^^^^^^^[0m [1m[33muse of inline assembly[0m
   [1m[94m|[0m
   [1m[94m= [0m[1mnote[0m: inline assembly is entirely unchecked and can cause undefined behavior
[1m[92mnote[0m: an unsafe function restricts its caller, but its body is safe by default
  [1m[94m--> [0mkernel/src/arch/x86_64/boot.rs:25:1
   [1m[94m|[0m
[1m[94m25[0m [1m[94m|[0m pub unsafe fn halt() -> ! {
   [1m[94m|[0m [1m[92m^^^^^^^^^^^^^^^^^^^^^^^^^[0m
   [1m[94m= [0m[1mnote[0m: for more information, see <https://doc.rust-lang.org/edition-guide/rust-2024/unsafe-op-in-unsafe-fn.html>

[1m[33mwarning[E0133][0m[1m: use of inline assembly is unsafe and requires unsafe block[0m
  [1m[94m--> [0mkernel/src/arch/x86_64/idt.rs:81:9
   [1m[94m|[0m
[1m[94m81[0m [1m[94m|[0m         core::arch::asm!("lidt [{}]", in(reg) &descriptor, options(readonly, nostack, preserves_flags));
   [1m[94m|[0m         [1m[33m^^^^^^^^^^^^^^^^^^^^^^^^^^^^^^^^^^^^^^^^^^^^^^^^^^^^^^^^^^^^^^^^^^^^^^^^^^^^^^^^^^^^^^^^^^^^^^^[0m [1m[33muse of inline assembly[0m
   [1m[94m|[0m
   [1m[94m= [0m[1mnote[0m: inline assembly is entirely unchecked and can cause undefined behavior
[1m[92mnote[0m: an unsafe function restricts its caller, but its body is safe by default
  [1m[94m--> [0mkernel/src/arch/x86_64/idt.rs:76:5
   [1m[94m|[0m
[1m[94m76[0m [1m[94m|[0m     pub unsafe fn load(&'static self) {
   [1m[94m|[0m     [1m[92m^^^^^^^^^^^^^^^^^^^^^^^^^^^^^^^^^[0m
   [1m[94m= [0m[1mnote[0m: for more information, see <https://doc.rust-lang.org/edition-guide/rust-2024/unsafe-op-in-unsafe-fn.html>

[1m[33mwarning[E0133][0m[1m: use of inline assembly is unsafe and requires unsafe block[0m
  [1m[94m--> [0mkernel/src/arch/x86_64/mod.rs:17:5
   [1m[94m|[0m
[1m[94m17[0m [1m[94m|[0m     core::arch::asm!("mov {}, cr3", out(reg) value, options(nomem, nostack, preserves_flags));
   [1m[94m|[0m     [1m[33m^^^^^^^^^^^^^^^^^^^^^^^^^^^^^^^^^^^^^^^^^^^^^^^^^^^^^^^^^^^^^^^^^^^^^^^^^^^^^^^^^^^^^^^^^[0m [1m[33muse of inline assembly[0m
   [1m[94m|[0m
   [1m[94m= [0m[1mnote[0m: inline assembly is entirely unchecked and can cause undefined behavior
[1m[92mnote[0m: an unsafe function restricts its caller, but its body is safe by default
  [1m[94m--> [0mkernel/src/arch/x86_64/mod.rs:15:1
   [1m[94m|[0m
[1m[94m15[0m [1m[94m|[0m pub unsafe fn read_cr3() -> u64 {
   [1m[94m|[0m [1m[92m^^^^^^^^^^^^^^^^^^^^^^^^^^^^^^^[0m
   [1m[94m= [0m[1mnote[0m: for more information, see <https://doc.rust-lang.org/edition-guide/rust-2024/unsafe-op-in-unsafe-fn.html>

[1m[33mwarning[E0133][0m[1m: use of inline assembly is unsafe and requires unsafe block[0m
  [1m[94m--> [0mkernel/src/arch/x86_64/mod.rs:23:5
   [1m[94m|[0m
[1m[94m23[0m [1m[94m|[0m     core::arch::asm!("mov cr3, {}", in(reg) value, options(nostack, preserves_flags));
   [1m[94m|[0m     [1m[33m^^^^^^^^^^^^^^^^^^^^^^^^^^^^^^^^^^^^^^^^^^^^^^^^^^^^^^^^^^^^^^^^^^^^^^^^^^^^^^^^^[0m [1m[33muse of inline assembly[0m
   [1m[94m|[0m
   [1m[94m= [0m[1mnote[0m: inline assembly is entirely unchecked and can cause undefined behavior
[1m[92mnote[0m: an unsafe function restricts its caller, but its body is safe by default
  [1m[94m--> [0mkernel/src/arch/x86_64/mod.rs:22:1
   [1m[94m|[0m
[1m[94m22[0m [1m[94m|[0m pub unsafe fn write_cr3(value: u64) {
   [1m[94m|[0m [1m[92m^^^^^^^^^^^^^^^^^^^^^^^^^^^^^^^^^^^[0m
   [1m[94m= [0m[1mnote[0m: for more information, see <https://doc.rust-lang.org/edition-guide/rust-2024/unsafe-op-in-unsafe-fn.html>

[1m[33mwarning[E0133][0m[1m: use of inline assembly is unsafe and requires unsafe block[0m
  [1m[94m--> [0mkernel/src/arch/x86_64/mod.rs:29:5
   [1m[94m|[0m
[1m[94m29[0m [1m[94m|[0m     core::arch::asm!("pushfq; pop {}", out(reg) value, options(nomem, preserves_flags));
   [1m[94m|[0m     [1m[33m^^^^^^^^^^^^^^^^^^^^^^^^^^^^^^^^^^^^^^^^^^^^^^^^^^^^^^^^^^^^^^^^^^^^^^^^^^^^^^^^^^^[0m [1m[33muse of inline assembly[0m
   [1m[94m|[0m
   [1m[94m= [0m[1mnote[0m: inline assembly is entirely unchecked and can cause undefined behavior
[1m[92mnote[0m: an unsafe function restricts its caller, but its body is safe by default
  [1m[94m--> [0mkernel/src/arch/x86_64/mod.rs:27:1
   [1m[94m|[0m
[1m[94m27[0m [1m[94m|[0m pub unsafe fn read_rflags() -> u64 {
   [1m[94m|[0m [1m[92m^^^^^^^^^^^^^^^^^^^^^^^^^^^^^^^^^^[0m
   [1m[94m= [0m[1mnote[0m: for more information, see <https://doc.rust-lang.org/edition-guide/rust-2024/unsafe-op-in-unsafe-fn.html>

[1m[33mwarning[E0133][0m[1m: use of inline assembly is unsafe and requires unsafe block[0m
  [1m[94m--> [0mkernel/src/arch/x86_64/mod.rs:35:5
   [1m[94m|[0m
[1m[94m35[0m [1m[94m|[0m     core::arch::asm!("out dx, al", in("dx") port, in("al") value, options(nomem, nostack, preserves_flags));
   [1m[94m|[0m     [1m[33m^^^^^^^^^^^^^^^^^^^^^^^^^^^^^^^^^^^^^^^^^^^^^^^^^^^^^^^^^^^^^^^^^^^^^^^^^^^^^^^^^^^^^^^^^^^^^^^^^^^^^^^[0m [1m[33muse of inline assembly[0m
   [1m[94m|[0m
   [1m[94m= [0m[1mnote[0m: inline assembly is entirely unchecked and can cause undefined behavior
[1m[92mnote[0m: an unsafe function restricts its caller, but its body is safe by default
  [1m[94m--> [0mkernel/src/arch/x86_64/mod.rs:34:1
   [1m[94m|[0m
[1m[94m34[0m [1m[94m|[0m pub unsafe fn io_out8(port: u16, value: u8) {
   [1m[94m|[0m [1m[92m^^^^^^^^^^^^^^^^^^^^^^^^^^^^^^^^^^^^^^^^^^^[0m
   [1m[94m= [0m[1mnote[0m: for more information, see <https://doc.rust-lang.org/edition-guide/rust-2024/unsafe-op-in-unsafe-fn.html>

[1m[33mwarning[E0133][0m[1m: use of inline assembly is unsafe and requires unsafe block[0m
  [1m[94m--> [0mkernel/src/arch/x86_64/mod.rs:41:5
   [1m[94m|[0m
[1m[94m41[0m [1m[94m|[0m     core::arch::asm!("in al, dx", in("dx") port, out("al") value, options(nomem, nostack, preserves_flags));
   [1m[94m|[0m     [1m[33m^^^^^^^^^^^^^^^^^^^^^^^^^^^^^^^^^^^^^^^^^^^^^^^^^^^^^^^^^^^^^^^^^^^^^^^^^^^^^^^^^^^^^^^^^^^^^^^^^^^^^^^[0m [1m[33muse of inline assembly[0m
   [1m[94m|[0m
   [1m[94m= [0m[1mnote[0m: inline assembly is entirely unchecked and can cause undefined behavior
[1m[92mnote[0m: an unsafe function restricts its caller, but its body is safe by default
  [1m[94m--> [0mkernel/src/arch/x86_64/mod.rs:39:1
   [1m[94m|[0m
[1m[94m39[0m [1m[94m|[0m pub unsafe fn io_in8(port: u16) -> u8 {
   [1m[94m|[0m [1m[92m^^^^^^^^^^^^^^^^^^^^^^^^^^^^^^^^^^^^^[0m
   [1m[94m= [0m[1mnote[0m: for more information, see <https://doc.rust-lang.org/edition-guide/rust-2024/unsafe-op-in-unsafe-fn.html>

[1m[33mwarning[E0133][0m[1m: dereference of raw pointer is unsafe and requires unsafe block[0m
  [1m[94m--> [0mkernel/src/memory/x86_64.rs:43:5
   [1m[94m|[0m
[1m[94m43[0m [1m[94m|[0m     (*pml4).0[0] = (pdpt as u64) | TABLE_FLAGS;
   [1m[94m|[0m     [1m[33m^^^^^^^[0m [1m[33mdereference of raw pointer[0m
   [1m[94m|[0m
   [1m[94m= [0m[1mnote[0m: raw pointers may be null, dangling or unaligned; they can violate aliasing rules and cause data races: all of these are undefined behavior
[1m[92mnote[0m: an unsafe function restricts its caller, but its body is safe by default
  [1m[94m--> [0mkernel/src/memory/x86_64.rs:37:1
   [1m[94m|[0m
[1m[94m37[0m [1m[94m|[0m pub unsafe fn activate_bootstrap_identity_map() {
   [1m[94m|[0m [1m[92m^^^^^^^^^^^^^^^^^^^^^^^^^^^^^^^^^^^^^^^^^^^^^^^[0m
   [1m[94m= [0m[1mnote[0m: for more information, see <https://doc.rust-lang.org/edition-guide/rust-2024/unsafe-op-in-unsafe-fn.html>

[1m[33mwarning[E0133][0m[1m: dereference of raw pointer is unsafe and requires unsafe block[0m
  [1m[94m--> [0mkernel/src/memory/x86_64.rs:44:5
   [1m[94m|[0m
[1m[94m44[0m [1m[94m|[0m     (*pdpt).0[0] = (pd as u64) | TABLE_FLAGS;
   [1m[94m|[0m     [1m[33m^^^^^^^[0m [1m[33mdereference of raw pointer[0m
   [1m[94m|[0m
   [1m[94m= [0m[1mnote[0m: raw pointers may be null, dangling or unaligned; they can violate aliasing rules and cause data races: all of these are undefined behavior
   [1m[94m= [0m[1mnote[0m: for more information, see <https://doc.rust-lang.org/edition-guide/rust-2024/unsafe-op-in-unsafe-fn.html>

[1m[33mwarning[E0133][0m[1m: dereference of raw pointer is unsafe and requires unsafe block[0m
  [1m[94m--> [0mkernel/src/memory/x86_64.rs:50:9
   [1m[94m|[0m
[1m[94m50[0m [1m[94m|[0m         (*pd).0[index] = physical | LEAF_FLAGS;
   [1m[94m|[0m         [1m[33m^^^^^[0m [1m[33mdereference of raw pointer[0m
   [1m[94m|[0m
   [1m[94m= [0m[1mnote[0m: raw pointers may be null, dangling or unaligned; they can violate aliasing rules and cause data races: all of these are undefined behavior
   [1m[94m= [0m[1mnote[0m: for more information, see <https://doc.rust-lang.org/edition-guide/rust-2024/unsafe-op-in-unsafe-fn.html>

[1m[33mwarning[E0133][0m[1m: use of inline assembly is unsafe and requires unsafe block[0m
  [1m[94m--> [0mkernel/src/memory/x86_64.rs:54:5
   [1m[94m|[0m
[1m[94m54[0m [1m[94m|[0m     asm!("mov cr3, {0}", in(reg) pml4 as u64, options(nostack, preserves_flags));
   [1m[94m|[0m     [1m[33m^^^^^^^^^^^^^^^^^^^^^^^^^^^^^^^^^^^^^^^^^^^^^^^^^^^^^^^^^^^^^^^^^^^^^^^^^^^^[0m [1m[33muse of inline assembly[0m
   [1m[94m|[0m
   [1m[94m= [0m[1mnote[0m: inline assembly is entirely unchecked and can cause undefined behavior
   [1m[94m= [0m[1mnote[0m: for more information, see <https://doc.rust-lang.org/edition-guide/rust-2024/unsafe-op-in-unsafe-fn.html>

[1m[33mwarning[0m: `awe-driverd` (lib test) generated 7 warnings (7 duplicates)
[1m[92m   Compiling[0m aweosa-builder v0.1.0 (/home/runner/work/AWE_OS/AWE_OS/tools/aweosa-builder)
[1m[33mwarning[E0133][0m[1m: call to unsafe function `arch::x86_64::io_out8` is unsafe and requires unsafe block[0m
  [1m[94m--> [0mkernel/src/platform/pit.rs:31:9
   [1m[94m|[0m
[1m[94m31[0m [1m[94m|[0m         io_out8(0x43, 0x34);
   [1m[94m|[0m         [1m[33m^^^^^^^^^^^^^^^^^^^[0m [1m[33mcall to unsafe function[0m
   [1m[94m|[0m
   [1m[94m= [0m[1mnote[0m: consult the function's documentation for information on how to avoid undefined behavior
[1m[92mnote[0m: an unsafe function restricts its caller, but its body is safe by default
  [1m[94m--> [0mkernel/src/platform/pit.rs:29:5
   [1m[94m|[0m
[1m[94m29[0m [1m[94m|[0m     pub unsafe fn program(&self) {
   [1m[94m|[0m     [1m[92m^^^^^^^^^^^^^^^^^^^^^^^^^^^^[0m
   [1m[94m= [0m[1mnote[0m: for more information, see <https://doc.rust-lang.org/edition-guide/rust-2024/unsafe-op-in-unsafe-fn.html>

[1m[33mwarning[E0133][0m[1m: call to unsafe function `arch::x86_64::io_out8` is unsafe and requires unsafe block[0m
  [1m[94m--> [0mkernel/src/platform/pit.rs:32:9
   [1m[94m|[0m
[1m[94m32[0m [1m[94m|[0m         io_out8(0x40, divisor as u8);
   [1m[94m|[0m         [1m[33m^^^^^^^^^^^^^^^^^^^^^^^^^^^^[0m [1m[33mcall to unsafe function[0m
   [1m[94m|[0m
   [1m[94m= [0m[1mnote[0m: consult the function's documentation for information on how to avoid undefined behavior
   [1m[94m= [0m[1mnote[0m: for more information, see <https://doc.rust-lang.org/edition-guide/rust-2024/unsafe-op-in-unsafe-fn.html>

[1m[33mwarning[E0133][0m[1m: call to unsafe function `arch::x86_64::io_out8` is unsafe and requires unsafe block[0m
  [1m[94m--> [0mkernel/src/platform/pit.rs:33:9
   [1m[94m|[0m
[1m[94m33[0m [1m[94m|[0m         io_out8(0x40, (divisor >> 8) as u8);
   [1m[94m|[0m         [1m[33m^^^^^^^^^^^^^^^^^^^^^^^^^^^^^^^^^^^[0m [1m[33mcall to unsafe function[0m
   [1m[94m|[0m
   [1m[94m= [0m[1mnote[0m: consult the function's documentation for information on how to avoid undefined behavior
   [1m[94m= [0m[1mnote[0m: for more information, see <https://doc.rust-lang.org/edition-guide/rust-2024/unsafe-op-in-unsafe-fn.html>

[1m[33mwarning[0m[1m: struct `DriverGrant` is never constructed[0m
   [1m[94m--> [0mkernel/src/device/binding.rs:101:12
    [1m[94m|[0m
[1m[94m101[0m [1m[94m|[0m pub struct DriverGrant {
    [1m[94m|[0m            [1m[33m^^^^^^^^^^^[0m
    [1m[94m|[0m
    [1m[94m= [0m[1mnote[0m: `#[warn(dead_code)]` (part of `#[warn(unused)]`) on by default

[1m[33mwarning[0m[1m: associated items `new`, `is_valid_for`, and `permits` are never used[0m
   [1m[94m--> [0mkernel/src/device/binding.rs:110:18
    [1m[94m|[0m
[1m[94m109[0m [1m[94m|[0m impl DriverGrant {
    [1m[94m|[0m [1m[94m----------------[0m [1m[94massociated items in this implementation[0m
[1m[94m110[0m [1m[94m|[0m     pub const fn new(
    [1m[94m|[0m                  [1m[33m^^^[0m
[1m[94m...[0m
[1m[94m126[0m [1m[94m|[0m     pub fn is_valid_for(self, service: ServiceId, endpoint: CapabilityHandle) -> bool {
    [1m[94m|[0m            [1m[33m^^^^^^^^^^^^[0m
[1m[94m...[0m
[1m[94m133[0m [1m[94m|[0m     pub fn permits(self, required: KernelCapability) -> bool {
    [1m[94m|[0m            [1m[33m^^^^^^^[0m

[1m[33mwarning[0m[1m: enum `GrantError` is never used[0m
   [1m[94m--> [0mkernel/src/device/binding.rs:145:10
    [1m[94m|[0m
[1m[94m145[0m [1m[94m|[0m pub enum GrantError {
    [1m[94m|[0m          [1m[33m^^^^^^^^^^[0m

[1m[33mwarning[0m[1m: function `validate_driver_grant` is never used[0m
   [1m[94m--> [0mkernel/src/device/binding.rs:168:8
    [1m[94m|[0m
[1m[94m168[0m [1m[94m|[0m pub fn validate_driver_grant(
    [1m[94m|[0m        [1m[33m^^^^^^^^^^^^^^^^^^^^^[0m

[1mFor more information about this error, try `rustc --explain E0133`.[0m
[1m[33mwarning[0m: `aweos-kernel` (lib) generated 81 warnings (run `cargo fix --lib -p aweos-kernel` to apply 12 suggestions)
[1m[92m   Compiling[0m aweos-kernel-bin v0.1.0 (/home/runner/work/AWE_OS/AWE_OS/kernel-bin)
[1m[33mwarning[0m[1m: unused import: `core::arch::global_asm`[0m
 [1m[94m--> [0mkernel-bin/src/main.rs:4:5
  [1m[94m|[0m
[1m[94m4[0m [1m[94m|[0m use core::arch::global_asm;
  [1m[94m|[0m     [1m[33m^^^^^^^^^^^^^^^^^^^^^^[0m
  [1m[94m|[0m
  [1m[94m= [0m[1mnote[0m: `#[warn(unused_imports)]` (part of `#[warn(unused)]`) on by default

[1m[33mwarning[0m[1m: unused imports: `AWE_BOOT_MAGIC`, `Architecture`, and `BootInfo`[0m
 [1m[94m--> [0mkernel-bin/src/main.rs:6:25
  [1m[94m|[0m
[1m[94m6[0m [1m[94m|[0m use awe_boot_protocol::{AWE_BOOT_MAGIC, Architecture, BootInfo, MemoryRegion};
  [1m[94m|[0m                         [1m[33m^^^^^^^^^^^^^^[0m  [1m[33m^^^^^^^^^^^^[0m  [1m[33m^^^^^^^^[0m

[1m[33mwarning[0m[1m: unused imports: `KernelBootStatus` and `kernel_entry`[0m
 [1m[94m--> [0mkernel-bin/src/main.rs:7:27
  [1m[94m|[0m
[1m[94m7[0m [1m[94m|[0m use aweos_kernel::entry::{KernelBootStatus, kernel_entry};
  [1m[94m|[0m                           [1m[33m^^^^^^^^^^^^^^^^[0m  [1m[33m^^^^^^^^^^^^[0m

[1m[33mwarning[0m[1m: unused import: `aweos_kernel::memory::activate_bootstrap_identity_map`[0m
 [1m[94m--> [0mkernel-bin/src/main.rs:9:5
  [1m[94m|[0m
[1m[94m9[0m [1m[94m|[0m use aweos_kernel::memory::activate_bootstrap_identity_map;
  [1m[94m|[0m     [1m[33m^^^^^^^^^^^^^^^^^^^^^^^^^^^^^^^^^^^^^^^^^^^^^^^^^^^^^[0m

[1m[33mwarning[0m[1m: constant `MULTIBOOT2_BOOTLOADER_MAGIC` is never used[0m
  [1m[94m--> [0mkernel-bin/src/main.rs:11:7
   [1m[94m|[0m
[1m[94m11[0m [1m[94m|[0m const MULTIBOOT2_BOOTLOADER_MAGIC: u32 = 0x36D7_6289;
   [1m[94m|[0m       [1m[33m^^^^^^^^^^^^^^^^^^^^^^^^^^^[0m
   [1m[94m|[0m
   [1m[94m= [0m[1mnote[0m: `#[warn(dead_code)]` (part of `#[warn(unused)]`) on by default

[1m[33mwarning[0m[1m: constant `MAX_MEMORY_REGIONS` is never used[0m
  [1m[94m--> [0mkernel-bin/src/main.rs:12:7
   [1m[94m|[0m
[1m[94m12[0m [1m[94m|[0m const MAX_MEMORY_REGIONS: usize = 128;
   [1m[94m|[0m       [1m[33m^^^^^^^^^^^^^^^^^^[0m

[1m[33mwarning[0m[1m: constant `FALLBACK_MEMORY_BASE` is never used[0m
  [1m[94m--> [0mkernel-bin/src/main.rs:13:7
   [1m[94m|[0m
[1m[94m13[0m [1m[94m|[0m const FALLBACK_MEMORY_BASE: u64 = 0x0100_0000;
   [1m[94m|[0m       [1m[33m^^^^^^^^^^^^^^^^^^^^[0m

[1m[33mwarning[0m[1m: constant `FALLBACK_MEMORY_LENGTH` is never used[0m
  [1m[94m--> [0mkernel-bin/src/main.rs:14:7
   [1m[94m|[0m
[1m[94m14[0m [1m[94m|[0m const FALLBACK_MEMORY_LENGTH: u64 = 0x0200_0000;
   [1m[94m|[0m       [1m[33m^^^^^^^^^^^^^^^^^^^^^^[0m

[1m[33mwarning[0m[1m: constant `MULTIBOOT2_MIN_SIZE` is never used[0m
  [1m[94m--> [0mkernel-bin/src/main.rs:15:7
   [1m[94m|[0m
[1m[94m15[0m [1m[94m|[0m const MULTIBOOT2_MIN_SIZE: usize = 16;
   [1m[94m|[0m       [1m[33m^^^^^^^^^^^^^^^^^^^[0m

[1m[33mwarning[0m[1m: constant `MULTIBOOT2_MAX_SIZE` is never used[0m
  [1m[94m--> [0mkernel-bin/src/main.rs:16:7
   [1m[94m|[0m
[1m[94m16[0m [1m[94m|[0m const MULTIBOOT2_MAX_SIZE: usize = 1024 * 1024;
   [1m[94m|[0m       [1m[33m^^^^^^^^^^^^^^^^^^^[0m

[1m[33mwarning[0m[1m: static `MEMORY_REGIONS` is never used[0m
  [1m[94m--> [0mkernel-bin/src/main.rs:18:12
   [1m[94m|[0m
[1m[94m18[0m [1m[94m|[0m static mut MEMORY_REGIONS: [MemoryRegion; MAX_MEMORY_REGIONS] = [MemoryRegion {
   [1m[94m|[0m            [1m[33m^^^^^^^^^^^^^^[0m

[1m[33mwarning[0m: `aweos-kernel-bin` (bin "aweos" test) generated 11 warnings (run `cargo fix --bin "aweos" -p aweos-kernel-bin --tests` to apply 4 suggestions)
[1m[33mwarning[0m[1m: method `is_valid_for` is never used[0m
   [1m[94m--> [0mkernel/src/device/binding.rs:126:12
    [1m[94m|[0m
[1m[94m109[0m [1m[94m|[0m impl DriverGrant {
    [1m[94m|[0m [1m[94m----------------[0m [1m[94mmethod in this implementation[0m
[1m[94m...[0m
[1m[94m126[0m [1m[94m|[0m     pub fn is_valid_for(self, service: ServiceId, endpoint: CapabilityHandle) -> bool {
    [1m[94m|[0m            [1m[33m^^^^^^^^^^^^[0m
    [1m[94m|[0m
    [1m[94m= [0m[1mnote[0m: `#[warn(dead_code)]` (part of `#[warn(unused)]`) on by default

[1m[33mwarning[0m[1m: direct cast of function item into an integer[0m
  [1m[94m--> [0mkernel/src/arch/x86_64/idt.rs:97:48
   [1m[94m|[0m
[1m[94m97[0m [1m[94m|[0m         let entry = IdtEntry::new(test_handler as usize as u64, 0x08);
   [1m[94m|[0m                                                [1m[33m^^^^^^^^[0m
   [1m[94m|[0m
   [1m[94m= [0m[1mnote[0m: `#[warn(function_casts_as_integer)]` on by default
[1m[96mhelp[0m: first cast to a pointer `as *const ()`
   [1m[94m|[0m
[1m[94m97[0m [1m[94m| [0m        let entry = IdtEntry::new(test_handler[92m as *const ()[0m as usize as u64, 0x08);
   [1m[94m|[0m                                                [92m++++++++++++[0m

[1m[33mwarning[0m[1m: direct cast of function item into an integer[0m
  [1m[94m--> [0mkernel/src/arch/x86_64/interrupts.rs:22:56
   [1m[94m|[0m
[1m[94m22[0m [1m[94m|[0m         install_early_interrupts(&mut idt, 0x08, timer as usize as u64);
   [1m[94m|[0m                                                        [1m[33m^^^^^^^^[0m
   [1m[94m|[0m
[1m[96mhelp[0m: first cast to a pointer `as *const ()`
   [1m[94m|[0m
[1m[94m22[0m [1m[94m| [0m        install_early_interrupts(&mut idt, 0x08, timer[92m as *const ()[0m as usize as u64);
   [1m[94m|[0m                                                        [92m++++++++++++[0m

[1m[33mwarning[0m: `aweos-kernel` (lib test) generated 80 warnings (77 duplicates) (run `cargo fix --lib -p aweos-kernel --tests` to apply 2 suggestions)
[1m[92m    Finished[0m `test` profile [unoptimized + debuginfo] target(s) in 0.98s
[1m[92m     Running[0m unittests src/lib.rs (target/debug/deps/awe_boot_protocol-0c4d1ac414abac72)

running 3 tests
test tests::invalid_magic_fails ... ok
test tests::unsupported_architecture_fails ... ok
test tests::valid_boot_info_passes ... ok

test result: ok. 3 passed; 0 failed; 0 ignored; 0 measured; 0 filtered out; finished in 0.00s

[1m[92m     Running[0m unittests src/lib.rs (target/debug/deps/awe_driverd-df8015e359b08f99)

running 26 tests
test access::tests::interrupt_ownership_is_explicit ... ok
test access::tests::region_bounds_are_overflow_safe ... ok
test acpi::tests::madt_header_is_parsed ... ok
test access::tests::power_policy_is_bounded ... ok
test acpi::tests::checksum_fixture_is_validated ... ok
test acpi_root::tests::parses_pointer_table ... ok
test acpi::tests::table_search_is_bounded ... ok
test acpi_root::tests::rejects_bad_rsdp_signature ... ok
test apic::tests::irq_vector_below_exception_range_is_rejected ... ok
test apic::tests::ioapic_gsi_range_is_bounded ... ok
test contract::tests::lifecycle_state_mapping_is_deterministic ... ok
test contract::tests::manifest_exposes_architecture_and_capability_contract ... ok
test contract::tests::untrusted_driver_cannot_enter_execution_path ... ok
test dependency::tests::dependency_graph_rejects_self_and_cycles ... ok
test dependency::tests::ownership_is_bounded_per_driver ... ok
test contract::tests::lifecycle_accepts_only_declared_transitions ... ok
test reference::tests::block_request_is_bounds_checked ... ok
test dependency::tests::health_model_is_restartable_and_bounded ... ok
test pci::tests::enumerates_present_device ... ok
test reference::tests::display_rect_is_bounds_checked ... ok
test registry::tests::descriptor_exports_manifest_contract ... ok
test registry::tests::registry_is_bounded_and_tracks_state ... ok
test registry::tests::registry_rejects_untrusted_descriptors ... ok
test reference::tests::reference_devices_are_typed ... ok
test virtio::tests::version_1_is_required ... ok
test virtio::tests::queue_requires_power_of_two_and_bound ... ok

test result: ok. 26 passed; 0 failed; 0 ignored; 0 measured; 0 filtered out; finished in 0.00s

[1m[92m     Running[0m unittests src/lib.rs (target/debug/deps/aweloader-0220e4bcd4f9ee55)

running 0 tests

test result: ok. 0 passed; 0 failed; 0 ignored; 0 measured; 0 filtered out; finished in 0.00s

[1m[92m     Running[0m unittests src/lib.rs (target/debug/deps/aweos_kernel-e424c23eaa8526c0)

running 88 tests
test arch::x86_64::entry::tests::invalid_frame_fails_closed ... ok
test arch::x86_64::entry::tests::page_fault_is_classified ... ok
test arch::x86_64::entry::tests::timer_is_classified ... ok
test arch::x86_64::idt::tests::idt_starts_empty ... ok
test arch::x86_64::idt::tests::validated_install_accepts_canonical_handler ... ok
test arch::x86_64::idt::tests::interrupt_gate_encodes_handler_address ... ok
test arch::x86_64::isr::tests::error_code_vectors_are_explicit ... ok
test arch::x86_64::idt::tests::validated_install_rejects_invalid_handler ... ok
test arch::x86_64::interrupts::tests::timer_vector_is_installed ... ok
test arch::x86_64::isr::tests::frame_validation_accepts_canonical_state ... ok
test arch::x86_64::isr::tests::frame_validation_rejects_bad_state ... ok
test arch::x86_64::timer::tests::interrupt_bridge_records_ticks ... ok
test arch::x86_64::timer::tests::ticks_are_monotonic ... ok
test arch::x86_64::timer::tests::zero_quantum_requests_safely ... ok
test arch::x86_64::timer::tests::timer_scheduler_requests_then_consumes ... ok
test arch::x86_64::timer::tests::zero_frequency_is_safe ... ok
test device::access::tests::access_contract_requires_consistent_device_identity ... ok
test device::access::tests::interrupt_grant_requires_vector ... ok
test device::access::tests::power_transitions_are_explicit ... ok
test device::access::tests::io_region_is_overflow_safe ... ok
test device::binding::tests::binding_is_fail_closed ... ok
test device::binding::tests::class_match_is_not_vendor_specific ... ok
test device::binding::tests::driver_grant_binds_capability_endpoint_and_device ... ok
test device::binding::tests::driver_grant_rejects_missing_capability_and_excess_resources ... ok
test device::binding::tests::exact_match_is_strict ... ok
test device::binding::tests::resource_ownership_is_bounded ... ok
test device::tests::device_contract_exposes_canonical_exact_match ... ok
test device::tests::registry_is_bounded_and_tracks_state ... ok
test entry::tests::accepts_valid_x86_64_handoff_with_memory ... ok
test entry::tests::rejects_invalid_handoff ... ok
test ipc::tests::service_channels_and_opcodes_are_stable ... ok
test entry::tests::rejects_missing_memory_map ... ok
test ipc::tests::bounded_fifo_and_backpressure ... ok
test ipc::transport::tests::handshake_accepts_compatible_service ... ok
test logging::tests::ring_is_bounded_and_ordered ... ok
test ipc::transport::tests::handshake_rejects_wrong_endpoint ... ok
test ipc::transport::tests::ring_and_async_requests_are_bounded ... ok
test memory::address::tests::alignment_is_overflow_safe ... ok
test memory::allocator::tests::allocator_respects_alignment_and_bounds ... ok
test memory::allocator::tests::zero_sized_allocations_are_rejected ... ok
test memory::boot_mapper::tests::maps_a_small_identity_window ... ok
test memory::boot_mapper::tests::rejects_more_than_one_table ... ok
test memory::frame::tests::allocator_skips_reserved_memory_and_page_zero ... ok
test memory::boot_mapper::tests::rejects_overflow_and_unaligned_ranges ... ok
test memory::frame::tests::frame_alignment_is_stable ... ok
test memory::mapper::tests::mapper_rejects_duplicate_and_unaligned_pages ... ok
test memory::paging::tests::address_and_flags_round_trip ... ok
test memory::mapper::tests::mapper_unmaps_and_returns_original_entry ... ok
test memory::paging::tests::invalid_unaligned_mapping_is_rejected ... ok
test memory::paging::tests::page_table_has_512_entries ... ok
test memory::physical::tests::invalid_frame_is_rejected ... ok
test memory::paging::tests::virtual_address_is_split_into_four_levels ... ok
test memory::physical::tests::release_allocate_and_double_free_are_deterministic ... ok
test memory::x86_64::tests::entry_address_masks_flags ... ok
test platform::pit::tests::validates_frequency ... ok
test platform::tests::x86_64_has_product_baseline_features ... ok
test memory::x86_64::tests::two_megabyte_leafs_cover_one_gib ... ok
test process::context_switch_abi::tests::invalid_frames_rejected ... ok
test platform::tests::pit_rejects_invalid_rate ... ok
test process::context_switch_abi::tests::identical_transition_rejected ... ok
test process::context_switch_abi::tests::plan_contains_target ... ok
test scheduler::clock::tests::clock_never_wraps ... ok
test scheduler::dispatch::tests::empty_scheduler_has_no_current_process ... ok
test scheduler::tests::boundary_switches_to_next_runnable_process ... ok
test scheduler::tests::duplicate_is_rejected ... ok
test scheduler::tests::fifo_and_capacity_are_deterministic ... ok
test scheduler::tests::no_request_keeps_current ... ok
test scheduler::tests::scheduler_clock_requests_reschedule_at_quantum_boundary ... ok
test scheduler::dispatch::tests::scheduler_rotates_without_allocations ... ok
test security::capability::tests::derivation_cannot_escalate ... ok
test scheduler::tests::zero_quantum_fails_safe ... ok
test security::capability::tests::revoked_capability_has_no_authority ... ok
test security::intent::tests::intent_requires_matching_capability ... ok
test security::intent::tests::malformed_intent_is_rejected ... ok
test security::provenance::tests::journal_is_bounded_and_monotonic ... ok
test security::rate_limit::tests::bucket_limits_bursts_and_refills ... ok
test service_registry::tests::registry_is_bounded_and_deduplicated ... ok
test service_registry::tests::canonical_roster_is_complete ... ok
test service_registry::tests::lifecycle_state_can_be_published_through_registry ... ok
test syscall::dispatch::tests::exit_changes_state ... ok
test system_contract::tests::capability_operations_are_deterministic ... ok
test syscall::dispatch::tests::invalid_call_is_rejected ... ok
test syscall::dispatch::tests::ipc_consumes_budget ... ok
test system_contract::tests::current_contract_requires_declared_baseline ... ok
test system_contract::tests::service_contract_checks_version_and_capabilities ... ok
test system_contract::tests::every_canonical_service_has_a_contract ... ok
test system_contract::tests::minor_versions_are_forward_compatible ... ok
test time::tests::clock_is_monotonic_and_saturating ... ok

test result: ok. 88 passed; 0 failed; 0 ignored; 0 measured; 0 filtered out; finished in 0.00s

[1m[92m     Running[0m unittests src/main.rs (target/debug/deps/aweos-d649a93426c3d591)

running 0 tests

test result: ok. 0 passed; 0 failed; 0 ignored; 0 measured; 0 filtered out; finished in 0.00s

[1m[92m     Running[0m unittests src/main.rs (target/debug/deps/aweosa_builder-69eb72eaa165ac7b)

running 0 tests

test result: ok. 0 passed; 0 failed; 0 ignored; 0 measured; 0 filtered out; finished in 0.00s

[1m[92m   Doc-tests[0m awe_boot_protocol

running 0 tests

test result: ok. 0 passed; 0 failed; 0 ignored; 0 measured; 0 filtered out; finished in 0.00s

[1m[92m   Doc-tests[0m awe_driverd

running 0 tests

test result: ok. 0 passed; 0 failed; 0 ignored; 0 measured; 0 filtered out; finished in 0.00s

[1m[92m   Doc-tests[0m aweloader

running 0 tests

test result: ok. 0 passed; 0 failed; 0 ignored; 0 measured; 0 filtered out; finished in 0.00s

[1m[92m   Doc-tests[0m aweos_kernel

running 0 tests

test result: ok. 0 passed; 0 failed; 0 ignored; 0 measured; 0 filtered out; finished in 0.00s

